
As-needed library included to satisfy reference by file (symbol)

libc.so.6                     paramisp.o (sleep@@GLIBC_2.17)
ld-linux-aarch64.so.1         paramisp.o (__stack_chk_guard@@GLIBC_2.17)

Discarded input sections

 .note.GNU-stack
                0x0000000000000000        0x0 /usr/lib/gcc/aarch64-linux-gnu/12/../../../aarch64-linux-gnu/Scrt1.o
 .note.GNU-stack
                0x0000000000000000        0x0 /usr/lib/gcc/aarch64-linux-gnu/12/../../../aarch64-linux-gnu/crti.o
 .note.GNU-stack
                0x0000000000000000        0x0 /usr/lib/gcc/aarch64-linux-gnu/12/crtbeginS.o
 .group         0x0000000000000000        0xc paramisp.o
 .group         0x0000000000000000        0xc paramisp.o
 .group         0x0000000000000000        0xc paramisp.o
 .group         0x0000000000000000        0xc paramisp.o
 .group         0x0000000000000000        0xc paramisp.o
 .group         0x0000000000000000        0xc paramisp.o
 .group         0x0000000000000000        0xc paramisp.o
 .group         0x0000000000000000        0xc paramisp.o
 .group         0x0000000000000000        0xc paramisp.o
 .group         0x0000000000000000        0xc paramisp.o
 .group         0x0000000000000000        0xc paramisp.o
 .group         0x0000000000000000        0xc paramisp.o
 .group         0x0000000000000000        0xc paramisp.o
 .group         0x0000000000000000        0xc paramisp.o
 .group         0x0000000000000000        0xc paramisp.o
 .group         0x0000000000000000        0xc paramisp.o
 .group         0x0000000000000000        0xc paramisp.o
 .group         0x0000000000000000        0xc paramisp.o
 .group         0x0000000000000000        0xc paramisp.o
 .group         0x0000000000000000        0xc paramisp.o
 .group         0x0000000000000000        0xc paramisp.o
 .group         0x0000000000000000        0xc paramisp.o
 .group         0x0000000000000000        0xc paramisp.o
 .group         0x0000000000000000        0xc paramisp.o
 .group         0x0000000000000000        0xc paramisp.o
 .group         0x0000000000000000        0xc paramisp.o
 .group         0x0000000000000000        0xc paramisp.o
 .group         0x0000000000000000        0xc paramisp.o
 .group         0x0000000000000000        0xc paramisp.o
 .group         0x0000000000000000        0xc paramisp.o
 .group         0x0000000000000000        0xc paramisp.o
 .group         0x0000000000000000        0xc paramisp.o
 .group         0x0000000000000000        0xc paramisp.o
 .group         0x0000000000000000        0xc paramisp.o
 .group         0x0000000000000000        0xc paramisp.o
 .group         0x0000000000000000        0xc paramisp.o
 .group         0x0000000000000000        0xc paramisp.o
 .group         0x0000000000000000        0xc paramisp.o
 .group         0x0000000000000000        0xc paramisp.o
 .group         0x0000000000000000        0xc paramisp.o
 .group         0x0000000000000000        0xc paramisp.o
 .group         0x0000000000000000        0xc paramisp.o
 .group         0x0000000000000000        0xc paramisp.o
 .group         0x0000000000000000        0xc paramisp.o
 .group         0x0000000000000000        0xc paramisp.o
 .group         0x0000000000000000        0xc paramisp.o
 .group         0x0000000000000000        0xc paramisp.o
 .group         0x0000000000000000        0xc paramisp.o
 .group         0x0000000000000000        0xc paramisp.o
 .group         0x0000000000000000        0xc paramisp.o
 .group         0x0000000000000000        0xc paramisp.o
 .group         0x0000000000000000        0xc paramisp.o
 .group         0x0000000000000000        0xc paramisp.o
 .group         0x0000000000000000        0xc paramisp.o
 .group         0x0000000000000000        0xc paramisp.o
 .group         0x0000000000000000        0xc paramisp.o
 .group         0x0000000000000000        0xc paramisp.o
 .group         0x0000000000000000        0xc paramisp.o
 .group         0x0000000000000000        0xc paramisp.o
 .group         0x0000000000000000        0xc paramisp.o
 .group         0x0000000000000000        0xc paramisp.o
 .group         0x0000000000000000        0xc paramisp.o
 .group         0x0000000000000000        0xc paramisp.o
 .group         0x0000000000000000        0xc paramisp.o
 .group         0x0000000000000000        0xc paramisp.o
 .group         0x0000000000000000        0xc paramisp.o
 .group         0x0000000000000000        0xc paramisp.o
 .group         0x0000000000000000        0xc paramisp.o
 .group         0x0000000000000000        0xc paramisp.o
 .group         0x0000000000000000        0xc paramisp.o
 .group         0x0000000000000000        0xc paramisp.o
 .group         0x0000000000000000        0xc paramisp.o
 .group         0x0000000000000000        0xc paramisp.o
 .group         0x0000000000000000        0xc paramisp.o
 .group         0x0000000000000000        0xc paramisp.o
 .group         0x0000000000000000        0xc paramisp.o
 .group         0x0000000000000000        0xc paramisp.o
 .group         0x0000000000000000        0xc paramisp.o
 .group         0x0000000000000000        0xc paramisp.o
 .group         0x0000000000000000        0xc paramisp.o
 .group         0x0000000000000000        0xc paramisp.o
 .group         0x0000000000000000        0xc paramisp.o
 .group         0x0000000000000000        0xc paramisp.o
 .group         0x0000000000000000        0xc paramisp.o
 .group         0x0000000000000000        0xc paramisp.o
 .group         0x0000000000000000        0xc paramisp.o
 .note.GNU-stack
                0x0000000000000000        0x0 paramisp.o
 .group         0x0000000000000000        0xc md5.o
 .group         0x0000000000000000        0xc md5.o
 .debug_macro   0x0000000000000000      0x9c4 md5.o
 .debug_macro   0x0000000000000000       0x28 md5.o
 .note.GNU-stack
                0x0000000000000000        0x0 md5.o
 .note.GNU-stack
                0x0000000000000000        0x0 /usr/lib/gcc/aarch64-linux-gnu/12/crtendS.o
 .note.GNU-stack
                0x0000000000000000        0x0 /usr/lib/gcc/aarch64-linux-gnu/12/../../../aarch64-linux-gnu/crtn.o

Memory Configuration

Name             Origin             Length             Attributes
*default*        0x0000000000000000 0xffffffffffffffff

Linker script and memory map

LOAD /usr/lib/gcc/aarch64-linux-gnu/12/../../../aarch64-linux-gnu/Scrt1.o
LOAD /usr/lib/gcc/aarch64-linux-gnu/12/../../../aarch64-linux-gnu/crti.o
LOAD /usr/lib/gcc/aarch64-linux-gnu/12/crtbeginS.o
LOAD /usr/lib/gcc/aarch64-linux-gnu/12/../../../aarch64-linux-gnu/libm.so
LOAD /usr/lib/gcc/aarch64-linux-gnu/12/../../../aarch64-linux-gnu/libpthread.a
LOAD paramisp.o
LOAD md5.o
LOAD /usr/lib/gcc/aarch64-linux-gnu/12/libgcc.a
LOAD /usr/lib/gcc/aarch64-linux-gnu/12/libgcc_s.so
START GROUP
LOAD /usr/lib/gcc/aarch64-linux-gnu/12/../../../aarch64-linux-gnu/libgcc_s.so.1
LOAD /usr/lib/gcc/aarch64-linux-gnu/12/libgcc.a
END GROUP
LOAD /usr/lib/gcc/aarch64-linux-gnu/12/../../../aarch64-linux-gnu/libc.so
START GROUP
LOAD /lib/aarch64-linux-gnu/libc.so.6
LOAD /usr/lib/aarch64-linux-gnu/libc_nonshared.a
LOAD /lib/ld-linux-aarch64.so.1
END GROUP
LOAD /usr/lib/gcc/aarch64-linux-gnu/12/libgcc.a
LOAD /usr/lib/gcc/aarch64-linux-gnu/12/libgcc_s.so
START GROUP
LOAD /usr/lib/gcc/aarch64-linux-gnu/12/../../../aarch64-linux-gnu/libgcc_s.so.1
LOAD /usr/lib/gcc/aarch64-linux-gnu/12/libgcc.a
END GROUP
LOAD /usr/lib/gcc/aarch64-linux-gnu/12/crtendS.o
LOAD /usr/lib/gcc/aarch64-linux-gnu/12/../../../aarch64-linux-gnu/crtn.o
                [!provide]                        PROVIDE (__executable_start = SEGMENT_START ("text-segment", 0x0))
                0x0000000000000238                . = (SEGMENT_START ("text-segment", 0x0) + SIZEOF_HEADERS)

.interp         0x0000000000000238       0x1b
 *(.interp)
 .interp        0x0000000000000238       0x1b /usr/lib/gcc/aarch64-linux-gnu/12/../../../aarch64-linux-gnu/Scrt1.o

.note.gnu.build-id
                0x0000000000000254       0x24
 *(.note.gnu.build-id)
 .note.gnu.build-id
                0x0000000000000254       0x24 /usr/lib/gcc/aarch64-linux-gnu/12/../../../aarch64-linux-gnu/Scrt1.o

.note.ABI-tag   0x0000000000000278       0x20
 .note.ABI-tag  0x0000000000000278       0x20 /usr/lib/gcc/aarch64-linux-gnu/12/../../../aarch64-linux-gnu/Scrt1.o

.hash
 *(.hash)

.gnu.hash       0x0000000000000298       0x1c
 *(.gnu.hash)
 .gnu.hash      0x0000000000000298       0x1c /usr/lib/gcc/aarch64-linux-gnu/12/../../../aarch64-linux-gnu/Scrt1.o

.dynsym         0x00000000000002b8      0x228
 *(.dynsym)
 .dynsym        0x00000000000002b8      0x228 /usr/lib/gcc/aarch64-linux-gnu/12/../../../aarch64-linux-gnu/Scrt1.o

.dynstr         0x00000000000004e0      0x110
 *(.dynstr)
 .dynstr        0x00000000000004e0      0x110 /usr/lib/gcc/aarch64-linux-gnu/12/../../../aarch64-linux-gnu/Scrt1.o

.gnu.version    0x00000000000005f0       0x2e
 *(.gnu.version)
 .gnu.version   0x00000000000005f0       0x2e /usr/lib/gcc/aarch64-linux-gnu/12/../../../aarch64-linux-gnu/Scrt1.o

.gnu.version_d  0x0000000000000620        0x0
 *(.gnu.version_d)
 .gnu.version_d
                0x0000000000000620        0x0 /usr/lib/gcc/aarch64-linux-gnu/12/../../../aarch64-linux-gnu/Scrt1.o

.gnu.version_r  0x0000000000000620       0x50
 *(.gnu.version_r)
 .gnu.version_r
                0x0000000000000620       0x50 /usr/lib/gcc/aarch64-linux-gnu/12/../../../aarch64-linux-gnu/Scrt1.o

.rela.dyn       0x0000000000000670      0x120
 *(.rela.init)
 *(.rela.text .rela.text.* .rela.gnu.linkonce.t.*)
 *(.rela.fini)
 *(.rela.rodata .rela.rodata.* .rela.gnu.linkonce.r.*)
 *(.rela.data .rela.data.* .rela.gnu.linkonce.d.*)
 .rela.data.rel.ro
                0x0000000000000670        0x0 /usr/lib/gcc/aarch64-linux-gnu/12/../../../aarch64-linux-gnu/Scrt1.o
 .rela.data.rel.local
                0x0000000000000670       0x30 /usr/lib/gcc/aarch64-linux-gnu/12/../../../aarch64-linux-gnu/Scrt1.o
 .rela.data     0x00000000000006a0       0x30 /usr/lib/gcc/aarch64-linux-gnu/12/../../../aarch64-linux-gnu/Scrt1.o
 *(.rela.tdata .rela.tdata.* .rela.gnu.linkonce.td.*)
 *(.rela.tbss .rela.tbss.* .rela.gnu.linkonce.tb.*)
 *(.rela.ctors)
 *(.rela.dtors)
 *(.rela.got)
 .rela.got      0x00000000000006d0       0x90 /usr/lib/gcc/aarch64-linux-gnu/12/../../../aarch64-linux-gnu/Scrt1.o
 *(.rela.bss .rela.bss.* .rela.gnu.linkonce.b.*)
 .rela.bss      0x0000000000000760        0x0 /usr/lib/gcc/aarch64-linux-gnu/12/../../../aarch64-linux-gnu/Scrt1.o
 *(.rela.ifunc)
 .rela.ifunc    0x0000000000000760        0x0 /usr/lib/gcc/aarch64-linux-gnu/12/../../../aarch64-linux-gnu/Scrt1.o
 .rela.fini_array
                0x0000000000000760       0x18 /usr/lib/gcc/aarch64-linux-gnu/12/../../../aarch64-linux-gnu/Scrt1.o
 .rela.init_array
                0x0000000000000778       0x18 /usr/lib/gcc/aarch64-linux-gnu/12/../../../aarch64-linux-gnu/Scrt1.o

.rela.plt       0x0000000000000790      0x198
 *(.rela.plt)
 .rela.plt      0x0000000000000790      0x198 /usr/lib/gcc/aarch64-linux-gnu/12/../../../aarch64-linux-gnu/Scrt1.o
 *(.rela.iplt)

.init           0x0000000000000928       0x18
 *(SORT_NONE(.init))
 .init          0x0000000000000928       0x10 /usr/lib/gcc/aarch64-linux-gnu/12/../../../aarch64-linux-gnu/crti.o
                0x0000000000000928                _init
 .init          0x0000000000000938        0x8 /usr/lib/gcc/aarch64-linux-gnu/12/../../../aarch64-linux-gnu/crtn.o

.plt            0x0000000000000940      0x130
 *(.plt)
 .plt           0x0000000000000940      0x130 /usr/lib/gcc/aarch64-linux-gnu/12/../../../aarch64-linux-gnu/Scrt1.o
 *(.iplt)

.text           0x0000000000000a80      0x524
 *(.text.unlikely .text.*_unlikely .text.unlikely.*)
 *(.text.exit .text.exit.*)
 *(.text.startup .text.startup.*)
 *(.text.hot .text.hot.*)
 *(SORT_BY_NAME(.text.sorted.*))
 *(.text .stub .text.* .gnu.linkonce.t.*)
 .text          0x0000000000000a80       0x34 /usr/lib/gcc/aarch64-linux-gnu/12/../../../aarch64-linux-gnu/Scrt1.o
                0x0000000000000a80                _start
 .text          0x0000000000000ab4       0x14 /usr/lib/gcc/aarch64-linux-gnu/12/../../../aarch64-linux-gnu/crti.o
 *fill*         0x0000000000000ac8        0x8 1f2003d5
 .text          0x0000000000000ad0       0xc4 /usr/lib/gcc/aarch64-linux-gnu/12/crtbeginS.o
 .text          0x0000000000000b94      0x3e8 paramisp.o
                0x0000000000000b94                get_file_id
                0x0000000000000de0                register_jit_gdb
                0x0000000000000e74                help
                0x0000000000000e94                main
 .text          0x0000000000000f7c       0x28 md5.o
                0x0000000000000f7c                calc_md5
 .text          0x0000000000000fa4        0x0 /usr/lib/gcc/aarch64-linux-gnu/12/crtendS.o
 .text          0x0000000000000fa4        0x0 /usr/lib/gcc/aarch64-linux-gnu/12/../../../aarch64-linux-gnu/crtn.o
 *(.gnu.warning)

.fini           0x0000000000000fa4       0x14
 *(SORT_NONE(.fini))
 .fini          0x0000000000000fa4        0xc /usr/lib/gcc/aarch64-linux-gnu/12/../../../aarch64-linux-gnu/crti.o
                0x0000000000000fa4                _fini
 .fini          0x0000000000000fb0        0x8 /usr/lib/gcc/aarch64-linux-gnu/12/../../../aarch64-linux-gnu/crtn.o
                [!provide]                        PROVIDE (__etext = .)
                [!provide]                        PROVIDE (_etext = .)
                [!provide]                        PROVIDE (etext = .)

.rodata         0x0000000000000fb8       0xde
 *(.rodata .rodata.* .gnu.linkonce.r.*)
 .rodata.cst4   0x0000000000000fb8        0x4 /usr/lib/gcc/aarch64-linux-gnu/12/../../../aarch64-linux-gnu/Scrt1.o
                0x0000000000000fb8                _IO_stdin_used
 *fill*         0x0000000000000fbc        0x4 
 .rodata        0x0000000000000fc0       0xd6 paramisp.o

.rodata1
 *(.rodata1)

.eh_frame_hdr   0x0000000000001098       0x6c
 *(.eh_frame_hdr)
 .eh_frame_hdr  0x0000000000001098       0x6c /usr/lib/gcc/aarch64-linux-gnu/12/../../../aarch64-linux-gnu/Scrt1.o
                0x0000000000001098                __GNU_EH_FRAME_HDR
 *(.eh_frame_entry .eh_frame_entry.*)

.eh_frame       0x0000000000001108      0x16c
 *(.eh_frame)
 .eh_frame      0x0000000000001108       0x28 /usr/lib/gcc/aarch64-linux-gnu/12/../../../aarch64-linux-gnu/Scrt1.o
 .eh_frame      0x0000000000001130       0x60 /usr/lib/gcc/aarch64-linux-gnu/12/crtbeginS.o
                                         0x78 (size before relaxing)
 .eh_frame      0x0000000000001190       0xc8 paramisp.o
                                         0xd8 (size before relaxing)
 .eh_frame      0x0000000000001258       0x18 md5.o
                                         0x30 (size before relaxing)
 .eh_frame      0x0000000000001270        0x4 /usr/lib/gcc/aarch64-linux-gnu/12/crtendS.o
 *(.eh_frame.*)

.gcc_except_table
 *(.gcc_except_table .gcc_except_table.*)

.gnu_extab
 *(.gnu_extab*)

.exception_ranges
 *(.exception_ranges*)
                0x0000000000011d18                . = DATA_SEGMENT_ALIGN (CONSTANT (MAXPAGESIZE), CONSTANT (COMMONPAGESIZE))

.eh_frame
 *(.eh_frame)
 *(.eh_frame.*)

.gnu_extab
 *(.gnu_extab)

.gcc_except_table
 *(.gcc_except_table .gcc_except_table.*)

.exception_ranges
 *(.exception_ranges*)

.tdata          0x0000000000011d18        0x0
                [!provide]                        PROVIDE (__tdata_start = .)
 *(.tdata .tdata.* .gnu.linkonce.td.*)

.tbss
 *(.tbss .tbss.* .gnu.linkonce.tb.*)
 *(.tcommon)

.preinit_array  0x0000000000011d18        0x0
                [!provide]                        PROVIDE (__preinit_array_start = .)
 *(.preinit_array)
                [!provide]                        PROVIDE (__preinit_array_end = .)

.init_array     0x0000000000011d18        0x8
                [!provide]                        PROVIDE (__init_array_start = .)
 *(SORT_BY_INIT_PRIORITY(.init_array.*) SORT_BY_INIT_PRIORITY(.ctors.*))
 *(.init_array EXCLUDE_FILE(*crtend?.o *crtend.o *crtbegin?.o *crtbegin.o) .ctors)
 .init_array    0x0000000000011d18        0x8 /usr/lib/gcc/aarch64-linux-gnu/12/crtbeginS.o
                [!provide]                        PROVIDE (__init_array_end = .)

.fini_array     0x0000000000011d20        0x8
                [!provide]                        PROVIDE (__fini_array_start = .)
 *(SORT_BY_INIT_PRIORITY(.fini_array.*) SORT_BY_INIT_PRIORITY(.dtors.*))
 *(.fini_array EXCLUDE_FILE(*crtend?.o *crtend.o *crtbegin?.o *crtbegin.o) .dtors)
 .fini_array    0x0000000000011d20        0x8 /usr/lib/gcc/aarch64-linux-gnu/12/crtbeginS.o
                [!provide]                        PROVIDE (__fini_array_end = .)

.ctors
 *crtbegin.o(.ctors)
 *crtbegin?.o(.ctors)
 *(EXCLUDE_FILE(*crtend?.o *crtend.o) .ctors)
 *(SORT_BY_NAME(.ctors.*))
 *(.ctors)

.dtors
 *crtbegin.o(.dtors)
 *crtbegin?.o(.dtors)
 *(EXCLUDE_FILE(*crtend?.o *crtend.o) .dtors)
 *(SORT_BY_NAME(.dtors.*))
 *(.dtors)

.jcr
 *(.jcr)

.data.rel.ro    0x0000000000011d28        0x0
 *(.data.rel.ro.local* .gnu.linkonce.d.rel.ro.local.*)
 *(.data.rel.ro .data.rel.ro.* .gnu.linkonce.d.rel.ro.*)
 .data.rel.ro   0x0000000000011d28        0x0 /usr/lib/gcc/aarch64-linux-gnu/12/../../../aarch64-linux-gnu/Scrt1.o

.dynamic        0x0000000000011d28      0x200
 *(.dynamic)
 .dynamic       0x0000000000011d28      0x200 /usr/lib/gcc/aarch64-linux-gnu/12/../../../aarch64-linux-gnu/Scrt1.o
                0x0000000000011d28                _DYNAMIC

.got            0x0000000000011f28       0xd8
 *(.got.plt)
 .got.plt       0x0000000000011f28       0xa0 /usr/lib/gcc/aarch64-linux-gnu/12/../../../aarch64-linux-gnu/Scrt1.o
 *(.igot.plt)
 *(.got)
 .got           0x0000000000011fc8       0x38 /usr/lib/gcc/aarch64-linux-gnu/12/../../../aarch64-linux-gnu/Scrt1.o
                0x0000000000011fc8                _GLOBAL_OFFSET_TABLE_
 *(.igot)
                0x0000000000012000                . = DATA_SEGMENT_RELRO_END (., 0x0)

.data           0x0000000000012000       0x30
                [!provide]                        PROVIDE (__data_start = .)
 *(.data .data.* .gnu.linkonce.d.*)
 .data          0x0000000000012000        0x4 /usr/lib/gcc/aarch64-linux-gnu/12/../../../aarch64-linux-gnu/Scrt1.o
                0x0000000000012000                data_start
                0x0000000000012000                __data_start
 .data          0x0000000000012004        0x0 /usr/lib/gcc/aarch64-linux-gnu/12/../../../aarch64-linux-gnu/crti.o
 .data          0x0000000000012004        0x0 /usr/lib/gcc/aarch64-linux-gnu/12/crtbeginS.o
 *fill*         0x0000000000012004        0x4 
 .data.rel.local
                0x0000000000012008        0x8 /usr/lib/gcc/aarch64-linux-gnu/12/crtbeginS.o
                0x0000000000012008                __dso_handle
 .data          0x0000000000012010       0x18 paramisp.o
 .data.rel.local
                0x0000000000012028        0x8 paramisp.o
 .data          0x0000000000012030        0x0 md5.o
 .data          0x0000000000012030        0x0 /usr/lib/gcc/aarch64-linux-gnu/12/crtendS.o
 .data          0x0000000000012030        0x0 /usr/lib/gcc/aarch64-linux-gnu/12/../../../aarch64-linux-gnu/crtn.o

.tm_clone_table
                0x0000000000012030        0x0
 .tm_clone_table
                0x0000000000012030        0x0 /usr/lib/gcc/aarch64-linux-gnu/12/crtbeginS.o
 .tm_clone_table
                0x0000000000012030        0x0 /usr/lib/gcc/aarch64-linux-gnu/12/crtendS.o

.data1
 *(.data1)
                0x0000000000012030                _edata = .
                [!provide]                        PROVIDE (edata = .)
                0x0000000000012030                . = .
                0x0000000000012030                __bss_start = .
                0x0000000000012030                __bss_start__ = .

.bss            0x0000000000012030        0x8
 *(.dynbss)
 .dynbss        0x0000000000012030        0x0 /usr/lib/gcc/aarch64-linux-gnu/12/../../../aarch64-linux-gnu/Scrt1.o
 *(.bss .bss.* .gnu.linkonce.b.*)
 .bss           0x0000000000012030        0x0 /usr/lib/gcc/aarch64-linux-gnu/12/../../../aarch64-linux-gnu/Scrt1.o
 .bss           0x0000000000012030        0x0 /usr/lib/gcc/aarch64-linux-gnu/12/../../../aarch64-linux-gnu/crti.o
 .bss           0x0000000000012030        0x1 /usr/lib/gcc/aarch64-linux-gnu/12/crtbeginS.o
 .bss           0x0000000000012031        0x0 paramisp.o
 .bss           0x0000000000012031        0x0 md5.o
 .bss           0x0000000000012031        0x0 /usr/lib/gcc/aarch64-linux-gnu/12/crtendS.o
 .bss           0x0000000000012031        0x0 /usr/lib/gcc/aarch64-linux-gnu/12/../../../aarch64-linux-gnu/crtn.o
 *(COMMON)
                0x0000000000012038                . = ALIGN ((. != 0x0)?0x8:0x1)
 *fill*         0x0000000000012031        0x7 
                0x0000000000012038                _bss_end__ = .
                0x0000000000012038                __bss_end__ = .
                0x0000000000012038                . = ALIGN (0x8)
                0x0000000000012038                . = SEGMENT_START ("ldata-segment", .)
                0x0000000000012038                . = ALIGN (0x8)
                0x0000000000012038                __end__ = .
                0x0000000000012038                _end = .
                [!provide]                        PROVIDE (end = .)
                0x0000000000012038                . = DATA_SEGMENT_END (.)

.stab
 *(.stab)

.stabstr
 *(.stabstr)

.stab.excl
 *(.stab.excl)

.stab.exclstr
 *(.stab.exclstr)

.stab.index
 *(.stab.index)

.stab.indexstr
 *(.stab.indexstr)

.comment        0x0000000000000000       0x2b
 *(.comment)
 .comment       0x0000000000000000       0x2b /usr/lib/gcc/aarch64-linux-gnu/12/crtbeginS.o
                                         0x2c (size before relaxing)
 .comment       0x000000000000002b       0x2c paramisp.o
 .comment       0x000000000000002b       0x2c md5.o
 .comment       0x000000000000002b       0x2c /usr/lib/gcc/aarch64-linux-gnu/12/crtendS.o

.gnu.build.attributes
 *(.gnu.build.attributes .gnu.build.attributes.*)

.debug
 *(.debug)

.line
 *(.line)

.debug_srcinfo
 *(.debug_srcinfo)

.debug_sfnames
 *(.debug_sfnames)

.debug_aranges  0x0000000000000000       0x60
 *(.debug_aranges)
 .debug_aranges
                0x0000000000000000       0x30 paramisp.o
 .debug_aranges
                0x0000000000000030       0x30 md5.o

.debug_pubnames
 *(.debug_pubnames)

.debug_info     0x0000000000000000      0x4f3
 *(.debug_info .gnu.linkonce.wi.*)
 .debug_info    0x0000000000000000      0x430 paramisp.o
 .debug_info    0x0000000000000430       0xc3 md5.o

.debug_abbrev   0x0000000000000000      0x259
 *(.debug_abbrev)
 .debug_abbrev  0x0000000000000000      0x1c0 paramisp.o
 .debug_abbrev  0x00000000000001c0       0x99 md5.o

.debug_line     0x0000000000000000      0x38c
 *(.debug_line .debug_line.* .debug_line_end)
 .debug_line    0x0000000000000000      0x333 paramisp.o
 .debug_line    0x0000000000000333       0x59 md5.o

.debug_frame
 *(.debug_frame)

.debug_str      0x0000000000000000     0xc9bf
 *(.debug_str)
 .debug_str     0x0000000000000000     0xc9ba paramisp.o
                                       0xcb77 (size before relaxing)
 .debug_str     0x000000000000c9ba        0x5 md5.o
                                       0x2f76 (size before relaxing)

.debug_loc
 *(.debug_loc)

.debug_macinfo
 *(.debug_macinfo)

.debug_weaknames
 *(.debug_weaknames)

.debug_funcnames
 *(.debug_funcnames)

.debug_typenames
 *(.debug_typenames)

.debug_varnames
 *(.debug_varnames)

.debug_pubtypes
 *(.debug_pubtypes)

.debug_ranges
 *(.debug_ranges)

.debug_addr
 *(.debug_addr)

.debug_line_str
                0x0000000000000000      0x5bc
 *(.debug_line_str)
 .debug_line_str
                0x0000000000000000      0x5b6 paramisp.o
                                        0x6b1 (size before relaxing)
 .debug_line_str
                0x00000000000005b6        0x6 md5.o
                                         0x67 (size before relaxing)

.debug_loclists
 *(.debug_loclists)

.debug_macro    0x0000000000000000     0x3083
 *(.debug_macro)
 .debug_macro   0x0000000000000000      0x5db paramisp.o
 .debug_macro   0x00000000000005db      0x9c4 paramisp.o
 .debug_macro   0x0000000000000f9f       0x28 paramisp.o
 .debug_macro   0x0000000000000fc7       0x10 paramisp.o
 .debug_macro   0x0000000000000fd7      0x183 paramisp.o
 .debug_macro   0x000000000000115a       0x10 paramisp.o
 .debug_macro   0x000000000000116a       0x4a paramisp.o
 .debug_macro   0x00000000000011b4      0x1ad paramisp.o
 .debug_macro   0x0000000000001361       0x7b paramisp.o
 .debug_macro   0x00000000000013dc       0x4c paramisp.o
 .debug_macro   0x0000000000001428       0x58 paramisp.o
 .debug_macro   0x0000000000001480       0x10 paramisp.o
 .debug_macro   0x0000000000001490       0x9e paramisp.o
 .debug_macro   0x000000000000152e       0x10 paramisp.o
 .debug_macro   0x000000000000153e       0x67 paramisp.o
 .debug_macro   0x00000000000015a5      0x100 paramisp.o
 .debug_macro   0x00000000000016a5       0x10 paramisp.o
 .debug_macro   0x00000000000016b5       0x34 paramisp.o
 .debug_macro   0x00000000000016e9       0x4c paramisp.o
 .debug_macro   0x0000000000001735       0x2e paramisp.o
 .debug_macro   0x0000000000001763       0x27 paramisp.o
 .debug_macro   0x000000000000178a       0x28 paramisp.o
 .debug_macro   0x00000000000017b2       0x86 paramisp.o
 .debug_macro   0x0000000000001838       0x10 paramisp.o
 .debug_macro   0x0000000000001848       0x5e paramisp.o
 .debug_macro   0x00000000000018a6       0x10 paramisp.o
 .debug_macro   0x00000000000018b6       0x20 paramisp.o
 .debug_macro   0x00000000000018d6       0x10 paramisp.o
 .debug_macro   0x00000000000018e6       0x12 paramisp.o
 .debug_macro   0x00000000000018f8       0x16 paramisp.o
 .debug_macro   0x000000000000190e       0x9e paramisp.o
 .debug_macro   0x00000000000019ac       0x3a paramisp.o
 .debug_macro   0x00000000000019e6       0x4c paramisp.o
 .debug_macro   0x0000000000001a32       0x52 paramisp.o
 .debug_macro   0x0000000000001a84       0x4c paramisp.o
 .debug_macro   0x0000000000001ad0       0x1c paramisp.o
 .debug_macro   0x0000000000001aec       0x10 paramisp.o
 .debug_macro   0x0000000000001afc       0x10 paramisp.o
 .debug_macro   0x0000000000001b0c       0x1c paramisp.o
 .debug_macro   0x0000000000001b28       0x1c paramisp.o
 .debug_macro   0x0000000000001b44       0x4c paramisp.o
 .debug_macro   0x0000000000001b90       0x1c paramisp.o
 .debug_macro   0x0000000000001bac       0x10 paramisp.o
 .debug_macro   0x0000000000001bbc       0x4c paramisp.o
 .debug_macro   0x0000000000001c08       0x20 paramisp.o
 .debug_macro   0x0000000000001c28       0x4c paramisp.o
 .debug_macro   0x0000000000001c74       0x16 paramisp.o
 .debug_macro   0x0000000000001c8a       0x10 paramisp.o
 .debug_macro   0x0000000000001c9a       0x10 paramisp.o
 .debug_macro   0x0000000000001caa       0x10 paramisp.o
 .debug_macro   0x0000000000001cba       0x6a paramisp.o
 .debug_macro   0x0000000000001d24      0x191 paramisp.o
 .debug_macro   0x0000000000001eb5       0x4c paramisp.o
 .debug_macro   0x0000000000001f01       0x27 paramisp.o
 .debug_macro   0x0000000000001f28       0x4a paramisp.o
 .debug_macro   0x0000000000001f72      0x832 paramisp.o
 .debug_macro   0x00000000000027a4       0x20 paramisp.o
 .debug_macro   0x00000000000027c4       0x76 paramisp.o
 .debug_macro   0x000000000000283a       0x9a paramisp.o
 .debug_macro   0x00000000000028d4       0x10 paramisp.o
 .debug_macro   0x00000000000028e4       0xb4 paramisp.o
 .debug_macro   0x0000000000002998      0x177 paramisp.o
 .debug_macro   0x0000000000002b0f       0x1c paramisp.o
 .debug_macro   0x0000000000002b2b       0x22 paramisp.o
 .debug_macro   0x0000000000002b4d       0x12 paramisp.o
 .debug_macro   0x0000000000002b5f       0x6a paramisp.o
 .debug_macro   0x0000000000002bc9       0x10 paramisp.o
 .debug_macro   0x0000000000002bd9       0x10 paramisp.o
 .debug_macro   0x0000000000002be9       0x16 paramisp.o
 .debug_macro   0x0000000000002bff       0x10 paramisp.o
 .debug_macro   0x0000000000002c0f       0x10 paramisp.o
 .debug_macro   0x0000000000002c1f       0x22 paramisp.o
 .debug_macro   0x0000000000002c41       0x2b paramisp.o
 .debug_macro   0x0000000000002c6c       0x82 paramisp.o
 .debug_macro   0x0000000000002cee       0xc1 paramisp.o
 .debug_macro   0x0000000000002daf       0x19 paramisp.o
 .debug_macro   0x0000000000002dc8       0x10 paramisp.o
 .debug_macro   0x0000000000002dd8       0x10 paramisp.o
 .debug_macro   0x0000000000002de8       0x3f paramisp.o
 .debug_macro   0x0000000000002e27       0x16 paramisp.o
 .debug_macro   0x0000000000002e3d       0x16 paramisp.o
 .debug_macro   0x0000000000002e53       0x12 paramisp.o
 .debug_macro   0x0000000000002e65       0x1c paramisp.o
 .debug_macro   0x0000000000002e81       0x10 paramisp.o
 .debug_macro   0x0000000000002e91       0x10 paramisp.o
 .debug_macro   0x0000000000002ea1       0x16 paramisp.o
 .debug_macro   0x0000000000002eb7      0x1b2 paramisp.o
 .debug_macro   0x0000000000003069       0x1a md5.o

.debug_names
 *(.debug_names)

.debug_rnglists
 *(.debug_rnglists)

.debug_str_offsets
 *(.debug_str_offsets)

.debug_sup
 *(.debug_sup)

.ARM.attributes
 *(.ARM.attributes)
 *(.gnu.attributes)

.note.gnu.arm.ident
 *(.note.gnu.arm.ident)

/DISCARD/
 *(.note.GNU-stack)
 *(.gnu_debuglink)
 *(.gnu.lto_*)
OUTPUT(paramisp elf64-littleaarch64)
LOAD linker stubs
